2026-09-20 02:21:22.110: [INFO] CurrentProfilePath: Z:\folders\java-t\.metadata\.plugins\org.eclipse.swt\EBWebView\Default
2026-09-20 02:21:22.110: [INFO] Profiles total count: 1
2026-09-20 02:21:22.110: [INFO] Profile: name=Perfil 1 path=Z:\folders\java-t\.metadata\.plugins\org.eclipse.swt\EBWebView\Default lastActive=null
2026-09-20 02:21:22.110: [INFO] LastUsedProfileDir: Z:\folders\java-t\.metadata\.plugins\org.eclipse.swt\EBWebView\Default
2026-09-20 02:21:22.110: [INFO] OnDoneLoading sync enabled: 0
2026-09-20 02:21:22.110: [INFO] BookmarkModelLoaded, ids_reassigned: 0
2026-09-20 02:21:22.110: [INFO] BookmarksLoadDropped droppedNodes=0
2026-09-20 02:21:22.110: [INFO] BookmarksSnapshot Startup total=0 bar=0 other=0 mobile=0 showBar=0 showBarNTP=1
2026-09-20 02:24:44.568: [INFO] BookmarksSnapshot Shutdown total=0 bar=0 other=0 mobile=0 showBar=0 showBarNTP=1
2026-09-26 21:28:19.309: [INFO] CurrentProfilePath: Z:\folders\java-t\.metadata\.plugins\org.eclipse.swt\EBWebView\Default
2026-09-26 21:28:19.309: [INFO] Profiles total count: 1
2026-09-26 21:28:19.309: [INFO] Profile: name=Perfil 1 path=Z:\folders\java-t\.metadata\.plugins\org.eclipse.swt\EBWebView\Default lastActive=2026-09-20T02:24:20.208Z
2026-09-26 21:28:19.309: [INFO] LastUsedProfileDir: Z:\folders\java-t\.metadata\.plugins\org.eclipse.swt\EBWebView\Default
2026-09-26 21:28:19.309: [INFO] MostRecentlyActiveProfile: name=Perfil 1 path=Z:\folders\java-t\.metadata\.plugins\org.eclipse.swt\EBWebView\Default lastActive=2026-09-20T02:24:20.208Z
2026-09-26 21:28:19.309: [INFO] OnDoneLoading sync enabled: 0
2026-09-26 21:28:19.309: [INFO] BookmarkModelLoaded, ids_reassigned: 0
2026-09-26 21:28:19.309: [INFO] BookmarksLoadDropped droppedNodes=0
2026-09-26 21:28:19.309: [INFO] BookmarksSnapshot Startup total=0 bar=0 other=0 mobile=0 showBar=0 showBarNTP=1
2026-09-26 21:29:28.076: [INFO] BookmarksSnapshot Shutdown total=0 bar=0 other=0 mobile=0 showBar=0 showBarNTP=1
2026-09-26 21:39:37.160: [INFO] CurrentProfilePath: Z:\folders\java-t\.metadata\.plugins\org.eclipse.swt\EBWebView\Default
2026-09-26 21:39:37.160: [INFO] Profiles total count: 1
2026-09-26 21:39:37.160: [INFO] Profile: name=Perfil 1 path=Z:\folders\java-t\.metadata\.plugins\org.eclipse.swt\EBWebView\Default lastActive=2026-09-26T21:28:19.488Z
2026-09-26 21:39:37.160: [INFO] LastUsedProfileDir: Z:\folders\java-t\.metadata\.plugins\org.eclipse.swt\EBWebView\Default
2026-09-26 21:39:37.160: [INFO] MostRecentlyActiveProfile: name=Perfil 1 path=Z:\folders\java-t\.metadata\.plugins\org.eclipse.swt\EBWebView\Default lastActive=2026-09-26T21:28:19.488Z
2026-09-26 21:39:37.160: [INFO] OnDoneLoading sync enabled: 0
2026-09-26 21:39:37.160: [INFO] BookmarkModelLoaded, ids_reassigned: 0
2026-09-26 21:39:37.160: [INFO] BookmarksLoadDropped droppedNodes=0
2026-09-26 21:39:37.160: [INFO] BookmarksSnapshot Startup total=0 bar=0 other=0 mobile=0 showBar=0 showBarNTP=1
2026-09-26 21:41:15.137: [INFO] BookmarksSnapshot Shutdown total=0 bar=0 other=0 mobile=0 showBar=0 showBarNTP=1
2026-09-26 21:52:45.622: [INFO] CurrentProfilePath: Z:\folders\java-t\.metadata\.plugins\org.eclipse.swt\EBWebView\Default
2026-09-26 21:52:45.622: [INFO] Profiles total count: 1
2026-09-26 21:52:45.622: [INFO] Profile: name=Perfil 1 path=Z:\folders\java-t\.metadata\.plugins\org.eclipse.swt\EBWebView\Default lastActive=2026-09-26T21:28:19.488Z
2026-09-26 21:52:45.622: [INFO] LastUsedProfileDir: Z:\folders\java-t\.metadata\.plugins\org.eclipse.swt\EBWebView\Default
2026-09-26 21:52:45.622: [INFO] MostRecentlyActiveProfile: name=Perfil 1 path=Z:\folders\java-t\.metadata\.plugins\org.eclipse.swt\EBWebView\Default lastActive=2026-09-26T21:28:19.488Z
2026-09-26 21:52:45.622: [INFO] OnDoneLoading sync enabled: 0
2026-09-26 21:52:45.622: [INFO] BookmarkModelLoaded, ids_reassigned: 0
2026-09-26 21:52:45.622: [INFO] BookmarksLoadDropped droppedNodes=0
2026-09-26 21:52:45.622: [INFO] BookmarksSnapshot Startup total=0 bar=0 other=0 mobile=0 showBar=0 showBarNTP=1
2026-09-26 21:53:33.573: [INFO] BookmarksSnapshot Shutdown total=0 bar=0 other=0 mobile=0 showBar=0 showBarNTP=1
2026-09-26 22:29:34.347: [INFO] CurrentProfilePath: Z:\folders\java-t\.metadata\.plugins\org.eclipse.swt\EBWebView\Default
2026-09-26 22:29:34.347: [INFO] Profiles total count: 1
2026-09-26 22:29:34.348: [INFO] Profile: name=Perfil 1 path=Z:\folders\java-t\.metadata\.plugins\org.eclipse.swt\EBWebView\Default lastActive=2026-09-26T21:52:46.112Z
2026-09-26 22:29:34.348: [INFO] LastUsedProfileDir: Z:\folders\java-t\.metadata\.plugins\org.eclipse.swt\EBWebView\Default
2026-09-26 22:29:34.348: [INFO] MostRecentlyActiveProfile: name=Perfil 1 path=Z:\folders\java-t\.metadata\.plugins\org.eclipse.swt\EBWebView\Default lastActive=2026-09-26T21:52:46.112Z
2026-09-26 22:29:34.348: [INFO] OnDoneLoading sync enabled: 0
2026-09-26 22:29:34.348: [INFO] BookmarkModelLoaded, ids_reassigned: 0
2026-09-26 22:29:34.348: [INFO] BookmarksLoadDropped droppedNodes=0
2026-09-26 22:29:34.348: [INFO] BookmarksSnapshot Startup total=0 bar=0 other=0 mobile=0 showBar=0 showBarNTP=1
2026-09-26 22:29:37.170: [INFO] BookmarksSnapshot Shutdown total=0 bar=0 other=0 mobile=0 showBar=0 showBarNTP=1
